
> aurasynq@0.1.0 build
> next build --webpack

▲ Next.js 16.2.6 (webpack)
- Environments: .env.local

⚠ The "middleware" file convention is deprecated. Please use "proxy" instead. Learn more: https://nextjs.org/docs/messages/middleware-to-proxy
  Creating an optimized production build ...
 ✓ (pwa) Compiling for server...
 ✓ (pwa) Compiling for server...
 ✓ (pwa) Compiling for client (static)...
 ○ (pwa) Service worker: D:\PROJECTS\aurasynq\public\sw.js
 ○ (pwa)   URL: /sw.js
 ○ (pwa)   Scope: /
✓ Compiled successfully in 29.4s
  Running TypeScript ...
  Finished TypeScript in 388ms ...
  Collecting page data using 11 workers ...
  Generating static pages using 11 workers (0/13) ...
⚠ Unsupported metadata themeColor is configured in metadata export in /_not-found. Please move it to viewport export instead.
Read more: https://nextjs.org/docs/app/api-reference/functions/generate-viewport
⚠ Unsupported metadata viewport is configured in metadata export in /_not-found. Please move it to viewport export instead.
Read more: https://nextjs.org/docs/app/api-reference/functions/generate-viewport
⚠ Unsupported metadata themeColor is configured in metadata export in /discover. Please move it to viewport export instead.
Read more: https://nextjs.org/docs/app/api-reference/functions/generate-viewport
⚠ Unsupported metadata viewport is configured in metadata export in /discover. Please move it to viewport export instead.
Read more: https://nextjs.org/docs/app/api-reference/functions/generate-viewport
⚠ Unsupported metadata themeColor is configured in metadata export in /library. Please move it to viewport export instead.
Read more: https://nextjs.org/docs/app/api-reference/functions/generate-viewport
⚠ Unsupported metadata viewport is configured in metadata export in /library. Please move it to viewport export instead.
Read more: https://nextjs.org/docs/app/api-reference/functions/generate-viewport
⚠ Unsupported metadata themeColor is configured in metadata export in /. Please move it to viewport export instead.
Read more: https://nextjs.org/docs/app/api-reference/functions/generate-viewport
⚠ Unsupported metadata viewport is configured in metadata export in /. Please move it to viewport export instead.
Read more: https://nextjs.org/docs/app/api-reference/functions/generate-viewport
⚠ Unsupported metadata themeColor is configured in metadata export in /blend. Please move it to viewport export instead.
Read more: https://nextjs.org/docs/app/api-reference/functions/generate-viewport
⚠ Unsupported metadata viewport is configured in metadata export in /blend. Please move it to viewport export instead.
Read more: https://nextjs.org/docs/app/api-reference/functions/generate-viewport
  Generating static pages using 11 workers (3/13) 
⚠ Unsupported metadata themeColor is configured in metadata export in /profile. Please move it to viewport export instead.
Read more: https://nextjs.org/docs/app/api-reference/functions/generate-viewport
⚠ Unsupported metadata viewport is configured in metadata export in /profile. Please move it to viewport export instead.
Read more: https://nextjs.org/docs/app/api-reference/functions/generate-viewport
⚠ Unsupported metadata themeColor is configured in metadata export in /player. Please move it to viewport export instead.
Read more: https://nextjs.org/docs/app/api-reference/functions/generate-viewport
⚠ Unsupported metadata viewport is configured in metadata export in /player. Please move it to viewport export instead.
Read more: https://nextjs.org/docs/app/api-reference/functions/generate-viewport
⚠ Unsupported metadata themeColor is configured in metadata export in /search. Please move it to viewport export instead.
Read more: https://nextjs.org/docs/app/api-reference/functions/generate-viewport
⚠ Unsupported metadata viewport is configured in metadata export in /search. Please move it to viewport export instead.
Read more: https://nextjs.org/docs/app/api-reference/functions/generate-viewport
⚠ Unsupported metadata themeColor is configured in metadata export in /society. Please move it to viewport export instead.
Read more: https://nextjs.org/docs/app/api-reference/functions/generate-viewport
⚠ Unsupported metadata viewport is configured in metadata export in /society. Please move it to viewport export instead.
Read more: https://nextjs.org/docs/app/api-reference/functions/generate-viewport
⚠ Unsupported metadata themeColor is configured in metadata export in /trends. Please move it to viewport export instead.
Read more: https://nextjs.org/docs/app/api-reference/functions/generate-viewport
⚠ Unsupported metadata viewport is configured in metadata export in /trends. Please move it to viewport export instead.
Read more: https://nextjs.org/docs/app/api-reference/functions/generate-viewport
  Generating static pages using 11 workers (6/13) 
  Generating static pages using 11 workers (9/13) 
✓ Generating static pages using 11 workers (13/13) in 2.0s
  Finalizing page optimization ...
  Collecting build traces ...

Route (app)
┌ ○ /
├ ○ /_not-found
├ ƒ /api/search
├ ○ /blend
├ ○ /discover
├ ○ /library
├ ○ /player
├ ○ /profile
├ ○ /search
├ ƒ /sign-in/[[...sign-in]]
├ ƒ /sign-up/[[...sign-up]]
├ ○ /society
└ ○ /trends


ƒ Proxy (Middleware)

○  (Static)   prerendered as static content
ƒ  (Dynamic)  server-rendered on demand

